// Vitest Snapshot v1, https://vitest.dev/guide/snapshot.html

exports[`PageTitle Component > matches the snapshot 1`] = `
<div>
  <h1
    class="font-starjout text-5xl text-center text-yellow-500"
  >
    Example
  </h1>
</div>
`;
