// Vitest Snapshot v1, https://vitest.dev/guide/snapshot.html

exports[`Footer Component > matches the snapshot 1`] = `
<div>
  <footer
    class="border-yellow-500 mt-12 pt-8 border-t-4 text-center"
  >
    <p>
      Star Wars and all associated names and/or images are copyright
       
      <a
        class="font-bold"
        href="https://www.lucasfilm.com/"
        rel="noopener noreferrer"
        target="_blank"
      >
        Lucasfilm Ltd.
      </a>
    </p>
    <p
      class="mt-2 text-sm"
    >
      Â© 
      2024
       
      <a
        class="font-bold"
        href="https://jeanpierrecarvalho.pt/"
        rel="noopener noreferrer"
        target="_blank"
      >
        Jean-Pierre Carvalho
      </a>
      . All Rights Reserved.
    </p>
  </footer>
</div>
`;
