// Vitest Snapshot v1, https://vitest.dev/guide/snapshot.html

exports[`Table Component > matches the snapshot 1`] = `
<div>
  <div
    class="mt-8"
  >
    <div
      class="mt-12 px-6"
    >
      <div
        class="relative w-full min-w-[200px] h-11"
      >
        <input
          aria-label="Search for entities"
          class="peer w-full h-full bg-transparent text-blue-gray-700 font-sans font-normal outline outline-0 focus:outline-0 disabled:bg-blue-gray-50 disabled:border-0 disabled:cursor-not-allowed transition-all placeholder-shown:border placeholder-shown:border-blue-gray-200 placeholder-shown:border-t-blue-gray-200 border focus:border-2 border-t-transparent focus:border-t-transparent placeholder:opacity-0 focus:placeholder:opacity-100 text-sm px-3 py-3 rounded-md border-blue-gray-200 focus:border-yellow-500 text-white"
          placeholder=" "
          type="search"
        />
        <label
          class="flex w-full h-full select-none pointer-events-none absolute left-0 font-normal !overflow-visible truncate peer-placeholder-shown:text-blue-gray-500 leading-tight peer-focus:leading-tight peer-disabled:text-transparent peer-disabled:peer-placeholder-shown:text-blue-gray-500 transition-all -top-1.5 peer-placeholder-shown:text-sm text-[11px] peer-focus:text-[11px] before:content[' '] before:block before:box-border before:w-2.5 before:h-1.5 before:mt-[6.5px] before:mr-1 peer-placeholder-shown:before:border-transparent before:rounded-tl-md before:border-t peer-focus:before:border-t-2 before:border-l peer-focus:before:border-l-2 before:pointer-events-none before:transition-all peer-disabled:before:border-transparent after:content[' '] after:block after:flex-grow after:box-border after:w-2.5 after:h-1.5 after:mt-[6.5px] after:ml-1 peer-placeholder-shown:after:border-transparent after:rounded-tr-md after:border-t peer-focus:after:border-t-2 after:border-r peer-focus:after:border-r-2 after:pointer-events-none after:transition-all peer-disabled:after:border-transparent peer-placeholder-shown:leading-[4.1] text-blue-gray-400 peer-focus:text-yellow-500 before:border-blue-gray-200 peer-focus:before:!border-yellow-500 after:border-blue-gray-200 peer-focus:after:!border-yellow-500"
        >
          Search...
           
        </label>
      </div>
    </div>
    <div>
      <table
        aria-label="characters data table"
        class="border-collapse mt-8 w-full text-left table-auto"
        role="table"
      >
        <thead>
          <tr>
            <th
              aria-label="name column"
              class="px-6"
              role="columnheader"
              scope="col"
            >
              Name
            </th>
            <th
              aria-label="height column"
              class="px-6"
              role="columnheader"
              scope="col"
            >
              Height
            </th>
            <th
              aria-label="mass column"
              class="px-6"
              role="columnheader"
              scope="col"
            >
              Mass
            </th>
            <th
              aria-label="birth_year column"
              class="px-6"
              role="columnheader"
              scope="col"
            >
              Birth_year
            </th>
            <th
              aria-label="gender column"
              class="px-6"
              role="columnheader"
              scope="col"
            >
              Gender
            </th>
          </tr>
        </thead>
        <tbody />
      </table>
    </div>
    <div
      class="mt-12 px-6"
    >
      <div
        class="flex flex-row justify-between items-center"
      >
        <button
          aria-disabled="true"
          aria-label="Previous Page"
          class="bg-yellow-500 opacity-40 cursor-not-allowed px-2 py-1 rounded-lg w-32 font-medium text-gray-900"
          disabled=""
        >
          Previous
        </button>
        <span
          class="flex flex-row items-center text-center text-lg"
        >
          Page 
          1
           of 
          1
        </span>
        <button
          aria-disabled="true"
          aria-label="Next Page"
          class="bg-yellow-500 opacity-40 cursor-not-allowed px-2 py-1 rounded-lg w-32 font-medium text-gray-900"
          disabled=""
        >
          Next
        </button>
      </div>
    </div>
  </div>
</div>
`;
